---
source: crates/metadata-resolve/tests/metadata_golden_tests.rs
expression: string
input_file: crates/metadata-resolve/tests/failing/remote_relationships_permissions/across_subgraphs/metadata.json
---
Error: Relationships across subgraphs are not supported in filter predicates. Relationship: TracksRemote is defined between source data connector: db (in subgraph default) and target data connector: remote_db (in subgraph remote)
